[run_gp] tag = matern52_linear_opt
[run_gp] output dir = /Users/rfoley/kn/gp/runs/matern52_linear_opt
[run_gp] loading /Users/rfoley/kn/gp/gp_minimal_bundle.npz
[run_gp] classification (threshold=50): phot=631, spec=8201
[gp_utils] building LinearNDInterpolator over 472551 points (this can take ~10-30 s)
[gp_utils] cached prior interpolators to /Users/rfoley/kn/gp/prior_linear_interp.pkl
[run_gp] mean = linear -> None
[run_gp] initial config: {
  "log_amp": -5.945473892810719,
  "log_sigma_phot": -3.912023005428146,
  "log_sigma_spec": -4.605170185988091,
  "log_metric_t": -3.2188758248682006,
  "log_metric_w": -4.605170185988091,
  "amp": 0.002617661563391188,
  "sigma_phot": 0.02,
  "sigma_spec": 0.010000000000000005,
  "metric_t": 0.04000000000000001,
  "metric_w": 0.010000000000000005,
  "name_t": "matern52",
  "name_w": "matern52",
  "additive_t": false,
  "additive_w": false
}
[run_gp] optimization on subsample N=2500 (phot=631, spec=1869); final fit will use full N=8832
[run_gp] optimizing hyperparameters with L-BFGS-B...
  initial log-likelihood (subsample) = 7121.8543
  done in 287.22 s, neg_ll evals = 163
  optimizer success = True, message = 'CONVERGENCE: REL_REDUCTION_OF_F_<=_FACTR*EPSMCH'
  final log-likelihood = 9107.4103
[run_gp] final config: {
  "log_amp": -5.7661125026883,
  "log_sigma_phot": -5.064402433623964,
  "log_sigma_spec": -11.29134461491105,
  "log_metric_t": -1.2394058645586867,
  "log_metric_w": -0.5622064953457347,
  "amp": 0.0031319091675708196,
  "sigma_phot": 0.00631768501118904,
  "sigma_spec": 1.2480481489084926e-05,
  "metric_t": 0.28955620244507096,
  "metric_w": 0.5699500831862688,
  "name_t": "matern52",
  "name_w": "matern52",
  "additive_t": false,
  "additive_w": false
}
[run_gp] gp.compute(X, diag) ...
[run_gp]   done in 13.06 s
[run_gp] log-likelihood = 31790.7665
[run_gp] predicting on X_fill (N=37291) in chunks of 10000 ...
[run_gp]   prediction took 49.24 s, neg variances clipped: 0
[run_gp]   mu  : shape=(37291,) dtype=float64 min=0.846848 mean=0.961932 max=1.15624 n_nan=0
[run_gp]   std : shape=(37291,) dtype=float64 min=0.00013764 mean=0.011718 max=0.0558686 n_nan=0
[run_gp] predicting on X (N=8832) for residuals ...
[run_gp]   prediction took 9.91 s
[run_gp] residuals (mu_train - y):
  mean = 0.000204524, std = 0.0202054, max|.| = 0.987007
  within +/- sigma_eff: 7863/8832 (89.0%)
  chi^2/N total = 1.1547
  chi^2/N phot  = 0.7615 (n=631)
  chi^2/N spec  = 1.1850 (n=8201)
[run_gp] wrote /Users/rfoley/kn/gp/runs/matern52_linear_opt/predictions.npz
[run_gp] wrote /Users/rfoley/kn/gp/runs/matern52_linear_opt/config.json
