[run_gp] tag = matern52_addw_addt_linear_opt_v4
[run_gp] output dir = /Users/rfoley/kn/gp/runs/matern52_addw_addt_linear_opt_v4
[run_gp] loading /Users/rfoley/kn/gp/gp_minimal_bundle.npz
[run_gp] classification (threshold=50): phot=631, spec=8201
[gp_utils] loaded cached prior interpolators from /Users/rfoley/kn/gp/prior_linear_interp.pkl
[run_gp] mean = linear -> None
[run_gp] initial config: {
  "log_amp": -5.945473892810719,
  "log_sigma_phot": -3.912023005428146,
  "log_sigma_spec": -5.298317366548036,
  "log_metric_t": -3.2188758248682006,
  "log_metric_w": -5.298317366548036,
  "log_metric_t2": 2.772588722239781,
  "logit_weight_t": -0.4054651081081643,
  "log_metric_w2": 2.772588722239781,
  "logit_weight_w": -0.4054651081081643,
  "amp": 0.002617661563391188,
  "sigma_phot": 0.02,
  "sigma_spec": 0.005000000000000002,
  "metric_t": 0.04000000000000001,
  "metric_w": 0.005000000000000002,
  "metric_t2": 15.999999999999998,
  "weight_t_short": 0.4,
  "metric_w2": 15.999999999999998,
  "weight_w_short": 0.4,
  "name_t": "matern52",
  "name_w": "matern52",
  "additive_t": true,
  "additive_w": true
}
[run_gp] optimization on subsample N=2500 (phot=631, spec=1869); final fit will use full N=8832
[run_gp] optimizing hyperparameters with L-BFGS-B...
  initial log-likelihood (subsample) = 8044.8631
  done in 1164.61 s, neg_ll evals = 351
  optimizer success = True, message = 'CONVERGENCE: REL_REDUCTION_OF_F_<=_FACTR*EPSMCH'
  final log-likelihood = 9149.9072
[run_gp] final config: {
  "log_amp": -5.660176331117738,
  "log_sigma_phot": -4.422848629194137,
  "log_sigma_spec": -11.971633130793643,
  "log_metric_t": -2.5920662533271384,
  "log_metric_w": -6.0,
  "log_metric_t2": 1.1268515272510682,
  "logit_weight_t": -2.0932862742820695,
  "log_metric_w2": 1.310000806315246,
  "logit_weight_w": -4.657529444121178,
  "amp": 0.0034819028762516392,
  "sigma_phot": 0.011999999999999999,
  "sigma_spec": 6.321000023264246e-06,
  "metric_t": 0.07486518971304029,
  "metric_w": 0.0024787521766663585,
  "metric_t2": 3.085925237340595,
  "weight_t_short": 0.10975107436033905,
  "metric_w2": 3.7061767005557718,
  "weight_w_short": 0.009400667544750904,
  "name_t": "matern52",
  "name_w": "matern52",
  "additive_t": true,
  "additive_w": true
}
[run_gp] gp.compute(X, diag) ...
[run_gp]   done in 17.26 s
[run_gp] log-likelihood = 32111.9129
[run_gp] predicting on X_fill (N=37291) in chunks of 10000 ...
[run_gp]   prediction took 135.65 s, neg variances clipped: 0
[run_gp]   mu  (raw): shape=(37291,) dtype=float64 min=0.838658 mean=0.95554 max=1.12828 n_nan=0
[run_gp]   std (raw): shape=(37291,) dtype=float64 min=0.00015044 mean=0.00821436 max=0.0475812 n_nan=0
[run_gp] enforced monotonic early-time (C^1, cutoff=-4.0): 3738 grid points adjusted
[run_gp] enforced blue early-time (cutoff=-4.0): 1987 grid points adjusted (cumulative-min in wls)
[run_gp]   mu  (post): shape=(37291,) dtype=float64 min=0.75115 mean=0.953635 max=1.12828 n_nan=0
[run_gp] predicting on X (N=8832) for residuals ...
[run_gp]   prediction took 27.31 s
[run_gp] residuals (mu_train - y):
  mean = 0.000261274, std = 0.0201091, max|.| = 0.98769
  within +/- sigma_eff: 8132/8832 (92.1%)
  chi^2/N total = 1.0387
  chi^2/N phot  = 0.3791 (n=631)
  chi^2/N spec  = 1.0894 (n=8201)
[run_gp] wrote /Users/rfoley/kn/gp/runs/matern52_addw_addt_linear_opt_v4/predictions.npz
[run_gp] wrote /Users/rfoley/kn/gp/runs/matern52_addw_addt_linear_opt_v4/config.json
