[run_gp] tag = matern52_addw_linear_opt
[run_gp] output dir = /Users/rfoley/kn/gp/runs/matern52_addw_linear_opt
[run_gp] loading /Users/rfoley/kn/gp/gp_minimal_bundle.npz
[run_gp] classification (threshold=50): phot=631, spec=8201
[gp_utils] loaded cached prior interpolators from /Users/rfoley/kn/gp/prior_linear_interp.pkl
[run_gp] mean = linear -> None
[run_gp] initial config: {
  "log_amp": -5.945473892810719,
  "log_sigma_phot": -3.912023005428146,
  "log_sigma_spec": -4.605170185988091,
  "log_metric_t": -3.2188758248682006,
  "log_metric_w": -4.605170185988091,
  "log_metric_w2": -1.8325814637483102,
  "logit_weight_w": 0.0,
  "amp": 0.002617661563391188,
  "sigma_phot": 0.02,
  "sigma_spec": 0.010000000000000005,
  "metric_t": 0.04000000000000001,
  "metric_w": 0.010000000000000005,
  "metric_w2": 0.15999999999999998,
  "weight_w_short": 0.5,
  "name_t": "matern52",
  "name_w": "matern52",
  "additive_t": false,
  "additive_w": true
}
[run_gp] optimization on subsample N=2500 (phot=631, spec=1869); final fit will use full N=8832
[run_gp] optimizing hyperparameters with L-BFGS-B...
  initial log-likelihood (subsample) = 7221.5284
  done in 85.49 s, neg_ll evals = 201
  optimizer success = True, message = 'CONVERGENCE: REL_REDUCTION_OF_F_<=_FACTR*EPSMCH'
  final log-likelihood = 9227.8182
[run_gp] final config: {
  "log_amp": -5.4933179180074685,
  "log_sigma_phot": -5.0763362571174335,
  "log_sigma_spec": -11.715630916692986,
  "log_metric_t": -1.2322180044761966,
  "log_metric_w": -8.0,
  "log_metric_w2": 1.1772545507109358,
  "logit_weight_w": -5.60744841421796,
  "amp": 0.004114171021481053,
  "sigma_phot": 0.006242738959314001,
  "sigma_spec": 8.16518710188464e-06,
  "metric_t": 0.2916449898770144,
  "metric_w": 0.00033546262790251185,
  "metric_w2": 3.2454517372409013,
  "weight_w_short": 0.003657000081708722,
  "name_t": "matern52",
  "name_w": "matern52",
  "additive_t": false,
  "additive_w": true
}
[run_gp] gp.compute(X, diag) ...
[run_gp]   done in 4.13 s
[run_gp] log-likelihood = 32263.2504
[run_gp] predicting on X_fill (N=37291) in chunks of 10000 ...
[run_gp]   prediction took 44.23 s, neg variances clipped: 0
[run_gp]   mu  : shape=(37291,) dtype=float64 min=0.84647 mean=0.957239 max=1.12683 n_nan=0
[run_gp]   std : shape=(37291,) dtype=float64 min=0.000138454 mean=0.0086639 max=0.0611441 n_nan=0
[run_gp] predicting on X (N=8832) for residuals ...
[run_gp]   prediction took 11.11 s
[run_gp] residuals (mu_train - y):
  mean = 0.000256391, std = 0.0201086, max|.| = 0.988153
  within +/- sigma_eff: 8138/8832 (92.1%)
  chi^2/N total = 1.0537
  chi^2/N phot  = 0.6998 (n=631)
  chi^2/N spec  = 1.0809 (n=8201)
[run_gp] wrote /Users/rfoley/kn/gp/runs/matern52_addw_linear_opt/predictions.npz
[run_gp] wrote /Users/rfoley/kn/gp/runs/matern52_addw_linear_opt/config.json
