[run_gp] tag = rq_linear_opt
[run_gp] output dir = /Users/rfoley/kn/gp/runs/rq_linear_opt
[run_gp] loading /Users/rfoley/kn/gp/gp_minimal_bundle.npz
[run_gp] classification (threshold=50): phot=631, spec=8201
[gp_utils] loaded cached prior interpolators from /Users/rfoley/kn/gp/prior_linear_interp.pkl
[run_gp] mean = linear -> None
[run_gp] initial config: {
  "log_amp": -5.945473892810719,
  "log_sigma_phot": -3.912023005428146,
  "log_sigma_spec": -4.605170185988091,
  "log_metric_t": -3.2188758248682006,
  "log_metric_w": -4.605170185988091,
  "amp": 0.002617661563391188,
  "sigma_phot": 0.02,
  "sigma_spec": 0.010000000000000005,
  "metric_t": 0.04000000000000001,
  "metric_w": 0.010000000000000005,
  "name_t": "rq",
  "name_w": "matern52",
  "additive_t": false,
  "additive_w": false
}
[run_gp] optimization on subsample N=2500 (phot=631, spec=1869); final fit will use full N=8832
[run_gp] optimizing hyperparameters with L-BFGS-B...
  initial log-likelihood (subsample) = 7230.5190
  done in 38.21 s, neg_ll evals = 109
  optimizer success = True, message = 'CONVERGENCE: REL_REDUCTION_OF_F_<=_FACTR*EPSMCH'
  final log-likelihood = 9101.3584
[run_gp] final config: {
  "log_amp": -5.873068934798876,
  "log_sigma_phot": -5.037838179936884,
  "log_sigma_spec": -7.728915474846497,
  "log_metric_t": -1.6561972974100487,
  "log_metric_w": -0.5957414698770378,
  "amp": 0.002814223399639082,
  "sigma_phot": 0.006487758535615544,
  "sigma_spec": 0.00043992096382979826,
  "metric_t": 0.19086339859468626,
  "metric_w": 0.5511537504208365,
  "name_t": "rq",
  "name_w": "matern52",
  "additive_t": false,
  "additive_w": false
}
[run_gp] gp.compute(X, diag) ...
[run_gp]   done in 3.54 s
[run_gp] log-likelihood = 31642.7009
[run_gp] predicting on X_fill (N=37291) in chunks of 10000 ...
[run_gp]   prediction took 42.65 s, neg variances clipped: 0
[run_gp]   mu  : shape=(37291,) dtype=float64 min=0.848855 mean=0.961365 max=1.1577 n_nan=0
[run_gp]   std : shape=(37291,) dtype=float64 min=0.000139449 mean=0.0111796 max=0.0526136 n_nan=0
[run_gp] predicting on X (N=8832) for residuals ...
[run_gp]   prediction took 9.64 s
[run_gp] residuals (mu_train - y):
  mean = 0.000196219, std = 0.0202747, max|.| = 0.988058
  within +/- sigma_eff: 7804/8832 (88.4%)
  chi^2/N total = 1.1926
  chi^2/N phot  = 0.7730 (n=631)
  chi^2/N spec  = 1.2249 (n=8201)
[run_gp] wrote /Users/rfoley/kn/gp/runs/rq_linear_opt/predictions.npz
[run_gp] wrote /Users/rfoley/kn/gp/runs/rq_linear_opt/config.json
